---
http_interactions:
- request:
    method: get
    uri: http://test.ieducar.com.br/module/Api/Turma?access_key=***REMOVED***&data_matricula=2015-11-24&disciplina_id=3192&instituicao_id=1&oper=get&resource=alunos-matriculados-turma&secret_key=***REMOVED***&turma_id=4202
    body:
      encoding: US-ASCII
      string: ''
    headers:
      Accept:
      - "*/*; q=0.5, application/xml"
      Accept-Encoding:
      - gzip, deflate
      User-Agent:
      - Ruby
  response:
    status:
      code: 200
      message: OK
    headers:
      Date:
      - Tue, 24 Nov 2015 18:48:12 GMT
      Server:
      - Apache
      Set-Cookie:
      - PHPSESSID=phtqdu1vlbkdk6c854796t1bq6; expires=Wed, 25-Nov-2015 18:48:12 GMT;
        path=/
      Expires:
      - Thu, 19 Nov 1981 08:52:00 GMT
      Cache-Control:
      - no-store, no-cache, must-revalidate, post-check=0, pre-check=0
      Pragma:
      - no-cache
      Content-Length:
      - '1014'
      Content-Type:
      - application/json; charset=UTF-8
    body:
      encoding: UTF-8
      string: '{"alunos":[{"id":"22362","dependencia":false,"sequencia":"0"},{"id":"25075","dependencia":false,"sequencia":"0"},{"id":"11467","dependencia":false,"sequencia":"0"},{"id":"25206","dependencia":false,"sequencia":"0"},{"id":"25085","dependencia":false,"sequencia":"0"},{"id":"25077","dependencia":false,"sequencia":"0"},{"id":"25083","dependencia":false,"sequencia":"0"},{"id":"21091","dependencia":false,"sequencia":"0"},{"id":"25016","dependencia":false,"sequencia":"0"},{"id":"11706","dependencia":false,"sequencia":"0"},{"id":"25055","dependencia":false,"sequencia":"0"},{"id":"28182","dependencia":false,"sequencia":"0"},{"id":"25088","dependencia":false,"sequencia":"0"},{"id":"25186","dependencia":false,"sequencia":"0"},{"id":"24849","dependencia":false,"sequencia":"0"},{"id":"25210","dependencia":false,"sequencia":"0"},{"id":"24956","dependencia":false,"sequencia":"0"},{"id":"24963","dependencia":false,"sequencia":"0"}],"oper":"get","resource":"alunos-matriculados-turma","msgs":[],"any_error_msg":false}'
    http_version: 
  recorded_at: Tue, 24 Nov 2015 18:48:12 GMT
- request:
    method: get
    uri: http://test.ieducar.com.br/module/Api/Turma?access_key=***REMOVED***&data_matricula=2016-01-21&disciplina_id=3192&instituicao_id=1&oper=get&resource=alunos-matriculados-turma&secret_key=***REMOVED***&turma_id=4202
    body:
      encoding: US-ASCII
      string: ''
    headers:
      Accept:
      - "*/*; q=0.5, application/xml"
      Accept-Encoding:
      - gzip, deflate
      User-Agent:
      - Ruby
  response:
    status:
      code: 200
      message: OK
    headers:
      Date:
      - Thu, 21 Jan 2016 19:20:24 GMT
      Server:
      - Apache
      Set-Cookie:
      - PHPSESSID=8j9tngi0kb5a3dl6au3hbnk1m3; expires=Fri, 22-Jan-2016 19:20:24 GMT;
        path=/
      Expires:
      - Thu, 19 Nov 1981 08:52:00 GMT
      Cache-Control:
      - no-store, no-cache, must-revalidate, post-check=0, pre-check=0
      Pragma:
      - no-cache
      Content-Length:
      - '1014'
      Content-Type:
      - application/json; charset=UTF-8
    body:
      encoding: UTF-8
      string: '{"alunos":[{"id":"22362","dependencia":false,"sequencia":"0"},{"id":"25075","dependencia":false,"sequencia":"0"},{"id":"11467","dependencia":false,"sequencia":"0"},{"id":"25206","dependencia":false,"sequencia":"0"},{"id":"25085","dependencia":false,"sequencia":"0"},{"id":"25077","dependencia":false,"sequencia":"0"},{"id":"25083","dependencia":false,"sequencia":"0"},{"id":"21091","dependencia":false,"sequencia":"0"},{"id":"25016","dependencia":false,"sequencia":"0"},{"id":"11706","dependencia":false,"sequencia":"0"},{"id":"25055","dependencia":false,"sequencia":"0"},{"id":"28182","dependencia":false,"sequencia":"0"},{"id":"25088","dependencia":false,"sequencia":"0"},{"id":"25186","dependencia":false,"sequencia":"0"},{"id":"24849","dependencia":false,"sequencia":"0"},{"id":"25210","dependencia":false,"sequencia":"0"},{"id":"24956","dependencia":false,"sequencia":"0"},{"id":"24963","dependencia":false,"sequencia":"0"}],"oper":"get","resource":"alunos-matriculados-turma","msgs":[],"any_error_msg":false}'
    http_version: 
  recorded_at: Thu, 21 Jan 2016 19:20:24 GMT
- request:
    method: get
    uri: http://test.ieducar.com.br/module/Api/Turma?access_key=***REMOVED***&data_matricula=2016-01-25&disciplina_id=3192&instituicao_id=1&oper=get&resource=alunos-matriculados-turma&secret_key=***REMOVED***&turma_id=4202
    body:
      encoding: US-ASCII
      string: ''
    headers:
      Accept:
      - "*/*; q=0.5, application/xml"
      Accept-Encoding:
      - gzip, deflate
      User-Agent:
      - Ruby
  response:
    status:
      code: 200
      message: OK
    headers:
      Date:
      - Mon, 25 Jan 2016 18:11:45 GMT
      Server:
      - Apache
      Set-Cookie:
      - PHPSESSID=akqf0ppklkvvrt0e36u8896qg0; expires=Tue, 26-Jan-2016 18:11:45 GMT;
        path=/
      Expires:
      - Thu, 19 Nov 1981 08:52:00 GMT
      Cache-Control:
      - no-store, no-cache, must-revalidate, post-check=0, pre-check=0
      Pragma:
      - no-cache
      Content-Length:
      - '1014'
      Content-Type:
      - application/json; charset=UTF-8
    body:
      encoding: UTF-8
      string: '{"alunos":[{"id":"22362","dependencia":false,"sequencia":"0"},{"id":"25075","dependencia":false,"sequencia":"0"},{"id":"11467","dependencia":false,"sequencia":"0"},{"id":"25206","dependencia":false,"sequencia":"0"},{"id":"25085","dependencia":false,"sequencia":"0"},{"id":"25077","dependencia":false,"sequencia":"0"},{"id":"25083","dependencia":false,"sequencia":"0"},{"id":"21091","dependencia":false,"sequencia":"0"},{"id":"25016","dependencia":false,"sequencia":"0"},{"id":"11706","dependencia":false,"sequencia":"0"},{"id":"25055","dependencia":false,"sequencia":"0"},{"id":"28182","dependencia":false,"sequencia":"0"},{"id":"25088","dependencia":false,"sequencia":"0"},{"id":"25186","dependencia":false,"sequencia":"0"},{"id":"24849","dependencia":false,"sequencia":"0"},{"id":"25210","dependencia":false,"sequencia":"0"},{"id":"24956","dependencia":false,"sequencia":"0"},{"id":"24963","dependencia":false,"sequencia":"0"}],"oper":"get","resource":"alunos-matriculados-turma","msgs":[],"any_error_msg":false}'
    http_version: 
  recorded_at: Mon, 25 Jan 2016 18:11:45 GMT
- request:
    method: get
    uri: http://test.ieducar.com.br/module/Api/Turma?access_key=***REMOVED***&data_matricula=2016-01-28&disciplina_id=3192&instituicao_id=1&oper=get&resource=alunos-matriculados-turma&secret_key=***REMOVED***&turma_id=4202
    body:
      encoding: US-ASCII
      string: ''
    headers:
      Accept:
      - "*/*; q=0.5, application/xml"
      Accept-Encoding:
      - gzip, deflate
      User-Agent:
      - Ruby
  response:
    status:
      code: 200
      message: OK
    headers:
      Date:
      - Thu, 28 Jan 2016 20:14:27 GMT
      Server:
      - Apache
      Set-Cookie:
      - PHPSESSID=dq2o54r4e9gfiuf2nedp5idle7; expires=Fri, 29-Jan-2016 20:14:27 GMT;
        path=/
      Expires:
      - Thu, 19 Nov 1981 08:52:00 GMT
      Cache-Control:
      - no-store, no-cache, must-revalidate, post-check=0, pre-check=0
      Pragma:
      - no-cache
      Content-Length:
      - '1014'
      Content-Type:
      - application/json; charset=UTF-8
    body:
      encoding: UTF-8
      string: '{"alunos":[{"id":"22362","dependencia":false,"sequencia":"0"},{"id":"25075","dependencia":false,"sequencia":"0"},{"id":"11467","dependencia":false,"sequencia":"0"},{"id":"25206","dependencia":false,"sequencia":"0"},{"id":"25085","dependencia":false,"sequencia":"0"},{"id":"25077","dependencia":false,"sequencia":"0"},{"id":"25083","dependencia":false,"sequencia":"0"},{"id":"21091","dependencia":false,"sequencia":"0"},{"id":"25016","dependencia":false,"sequencia":"0"},{"id":"11706","dependencia":false,"sequencia":"0"},{"id":"25055","dependencia":false,"sequencia":"0"},{"id":"28182","dependencia":false,"sequencia":"0"},{"id":"25088","dependencia":false,"sequencia":"0"},{"id":"25186","dependencia":false,"sequencia":"0"},{"id":"24849","dependencia":false,"sequencia":"0"},{"id":"25210","dependencia":false,"sequencia":"0"},{"id":"24956","dependencia":false,"sequencia":"0"},{"id":"24963","dependencia":false,"sequencia":"0"}],"oper":"get","resource":"alunos-matriculados-turma","msgs":[],"any_error_msg":false}'
    http_version: 
  recorded_at: Thu, 28 Jan 2016 20:14:28 GMT
- request:
    method: get
    uri: http://test.ieducar.com.br/module/Api/Turma?access_key=***REMOVED***&data_matricula=2016-02-04&disciplina_id=3192&instituicao_id=1&oper=get&resource=alunos-matriculados-turma&secret_key=***REMOVED***&turma_id=4202
    body:
      encoding: US-ASCII
      string: ''
    headers:
      Accept:
      - "*/*; q=0.5, application/xml"
      Accept-Encoding:
      - gzip, deflate
      User-Agent:
      - Ruby
  response:
    status:
      code: 200
      message: OK
    headers:
      Date:
      - Thu, 04 Feb 2016 22:07:18 GMT
      Server:
      - Apache
      Set-Cookie:
      - PHPSESSID=b9i6p2ie5tjh739hnf64ug7kd1; expires=Fri, 05-Feb-2016 22:07:18 GMT;
        path=/
      Expires:
      - Thu, 19 Nov 1981 08:52:00 GMT
      Cache-Control:
      - no-store, no-cache, must-revalidate, post-check=0, pre-check=0
      Pragma:
      - no-cache
      Content-Length:
      - '1014'
      Content-Type:
      - application/json; charset=UTF-8
    body:
      encoding: UTF-8
      string: '{"alunos":[{"id":"22362","dependencia":false,"sequencia":"0"},{"id":"25075","dependencia":false,"sequencia":"0"},{"id":"11467","dependencia":false,"sequencia":"0"},{"id":"25206","dependencia":false,"sequencia":"0"},{"id":"25085","dependencia":false,"sequencia":"0"},{"id":"25077","dependencia":false,"sequencia":"0"},{"id":"25083","dependencia":false,"sequencia":"0"},{"id":"21091","dependencia":false,"sequencia":"0"},{"id":"25016","dependencia":false,"sequencia":"0"},{"id":"11706","dependencia":false,"sequencia":"0"},{"id":"25055","dependencia":false,"sequencia":"0"},{"id":"28182","dependencia":false,"sequencia":"0"},{"id":"25088","dependencia":false,"sequencia":"0"},{"id":"25186","dependencia":false,"sequencia":"0"},{"id":"24849","dependencia":false,"sequencia":"0"},{"id":"25210","dependencia":false,"sequencia":"0"},{"id":"24956","dependencia":false,"sequencia":"0"},{"id":"24963","dependencia":false,"sequencia":"0"}],"oper":"get","resource":"alunos-matriculados-turma","msgs":[],"any_error_msg":false}'
    http_version: 
  recorded_at: Thu, 04 Feb 2016 22:07:18 GMT
- request:
    method: get
    uri: http://test.ieducar.com.br/module/Api/Turma?access_key=***REMOVED***&data_matricula=2016-02-05&disciplina_id=3192&instituicao_id=1&oper=get&resource=alunos-matriculados-turma&secret_key=***REMOVED***&turma_id=4202
    body:
      encoding: US-ASCII
      string: ''
    headers:
      Accept:
      - "*/*; q=0.5, application/xml"
      Accept-Encoding:
      - gzip, deflate
      User-Agent:
      - Ruby
  response:
    status:
      code: 200
      message: OK
    headers:
      Date:
      - Fri, 05 Feb 2016 11:34:29 GMT
      Server:
      - Apache
      Set-Cookie:
      - PHPSESSID=a5ee05rlf4mcti87fdrn4e2tt0; expires=Sat, 06-Feb-2016 11:34:29 GMT;
        path=/
      Expires:
      - Thu, 19 Nov 1981 08:52:00 GMT
      Cache-Control:
      - no-store, no-cache, must-revalidate, post-check=0, pre-check=0
      Pragma:
      - no-cache
      Content-Length:
      - '1014'
      Content-Type:
      - application/json; charset=UTF-8
    body:
      encoding: UTF-8
      string: '{"alunos":[{"id":"22362","dependencia":false,"sequencia":"0"},{"id":"25075","dependencia":false,"sequencia":"0"},{"id":"11467","dependencia":false,"sequencia":"0"},{"id":"25206","dependencia":false,"sequencia":"0"},{"id":"25085","dependencia":false,"sequencia":"0"},{"id":"25077","dependencia":false,"sequencia":"0"},{"id":"25083","dependencia":false,"sequencia":"0"},{"id":"21091","dependencia":false,"sequencia":"0"},{"id":"25016","dependencia":false,"sequencia":"0"},{"id":"11706","dependencia":false,"sequencia":"0"},{"id":"25055","dependencia":false,"sequencia":"0"},{"id":"28182","dependencia":false,"sequencia":"0"},{"id":"25088","dependencia":false,"sequencia":"0"},{"id":"25186","dependencia":false,"sequencia":"0"},{"id":"24849","dependencia":false,"sequencia":"0"},{"id":"25210","dependencia":false,"sequencia":"0"},{"id":"24956","dependencia":false,"sequencia":"0"},{"id":"24963","dependencia":false,"sequencia":"0"}],"oper":"get","resource":"alunos-matriculados-turma","msgs":[],"any_error_msg":false}'
    http_version: 
  recorded_at: Fri, 05 Feb 2016 11:34:29 GMT
- request:
    method: get
    uri: http://test.ieducar.com.br/module/Api/Turma?access_key=***REMOVED***&data_matricula=2016-02-17&disciplina_id=3192&instituicao_id=1&oper=get&resource=alunos-matriculados-turma&secret_key=***REMOVED***&turma_id=4202
    body:
      encoding: US-ASCII
      string: ''
    headers:
      Accept:
      - "*/*; q=0.5, application/xml"
      Accept-Encoding:
      - gzip, deflate
      User-Agent:
      - Ruby
  response:
    status:
      code: 200
      message: OK
    headers:
      Date:
      - Wed, 17 Feb 2016 18:28:48 GMT
      Server:
      - Apache
      Set-Cookie:
      - PHPSESSID=f44ivfps10v1t8eh33r6um2de6; expires=Thu, 18-Feb-2016 18:28:48 GMT;
        path=/
      Expires:
      - Thu, 19 Nov 1981 08:52:00 GMT
      Cache-Control:
      - no-store, no-cache, must-revalidate, post-check=0, pre-check=0
      Pragma:
      - no-cache
      Content-Length:
      - '1014'
      Content-Type:
      - application/json; charset=UTF-8
    body:
      encoding: UTF-8
      string: '{"alunos":[{"id":"22362","dependencia":false,"sequencia":"0"},{"id":"25075","dependencia":false,"sequencia":"0"},{"id":"11467","dependencia":false,"sequencia":"0"},{"id":"25206","dependencia":false,"sequencia":"0"},{"id":"25085","dependencia":false,"sequencia":"0"},{"id":"25077","dependencia":false,"sequencia":"0"},{"id":"25083","dependencia":false,"sequencia":"0"},{"id":"21091","dependencia":false,"sequencia":"0"},{"id":"25016","dependencia":false,"sequencia":"0"},{"id":"11706","dependencia":false,"sequencia":"0"},{"id":"25055","dependencia":false,"sequencia":"0"},{"id":"28182","dependencia":false,"sequencia":"0"},{"id":"25088","dependencia":false,"sequencia":"0"},{"id":"25186","dependencia":false,"sequencia":"0"},{"id":"24849","dependencia":false,"sequencia":"0"},{"id":"25210","dependencia":false,"sequencia":"0"},{"id":"24956","dependencia":false,"sequencia":"0"},{"id":"24963","dependencia":false,"sequencia":"0"}],"oper":"get","resource":"alunos-matriculados-turma","msgs":[],"any_error_msg":false}'
    http_version: 
  recorded_at: Wed, 17 Feb 2016 18:28:48 GMT
- request:
    method: get
    uri: http://test.ieducar.com.br/module/Api/Turma?access_key=***REMOVED***&data_matricula=2016-02-18&disciplina_id=3192&instituicao_id=1&oper=get&resource=alunos-matriculados-turma&secret_key=***REMOVED***&turma_id=4202
    body:
      encoding: US-ASCII
      string: ''
    headers:
      Accept:
      - "*/*; q=0.5, application/xml"
      Accept-Encoding:
      - gzip, deflate
      User-Agent:
      - Ruby
  response:
    status:
      code: 200
      message: OK
    headers:
      Date:
      - Thu, 18 Feb 2016 11:26:42 GMT
      Server:
      - Apache
      Set-Cookie:
      - PHPSESSID=qntmcm3sgl0nq0cug3jjjk2t14; expires=Fri, 19-Feb-2016 11:26:42 GMT;
        path=/
      Expires:
      - Thu, 19 Nov 1981 08:52:00 GMT
      Cache-Control:
      - no-store, no-cache, must-revalidate, post-check=0, pre-check=0
      Pragma:
      - no-cache
      Content-Length:
      - '1014'
      Content-Type:
      - application/json; charset=UTF-8
    body:
      encoding: UTF-8
      string: '{"alunos":[{"id":"22362","dependencia":false,"sequencia":"0"},{"id":"25075","dependencia":false,"sequencia":"0"},{"id":"11467","dependencia":false,"sequencia":"0"},{"id":"25206","dependencia":false,"sequencia":"0"},{"id":"25085","dependencia":false,"sequencia":"0"},{"id":"25077","dependencia":false,"sequencia":"0"},{"id":"25083","dependencia":false,"sequencia":"0"},{"id":"21091","dependencia":false,"sequencia":"0"},{"id":"25016","dependencia":false,"sequencia":"0"},{"id":"11706","dependencia":false,"sequencia":"0"},{"id":"25055","dependencia":false,"sequencia":"0"},{"id":"28182","dependencia":false,"sequencia":"0"},{"id":"25088","dependencia":false,"sequencia":"0"},{"id":"25186","dependencia":false,"sequencia":"0"},{"id":"24849","dependencia":false,"sequencia":"0"},{"id":"25210","dependencia":false,"sequencia":"0"},{"id":"24956","dependencia":false,"sequencia":"0"},{"id":"24963","dependencia":false,"sequencia":"0"}],"oper":"get","resource":"alunos-matriculados-turma","msgs":[],"any_error_msg":false}'
    http_version: 
  recorded_at: Thu, 18 Feb 2016 11:26:42 GMT
- request:
    method: get
    uri: http://test.ieducar.com.br/module/Api/Turma?access_key=***REMOVED***&data_matricula=2016-02-19&disciplina_id=3192&instituicao_id=1&oper=get&resource=alunos-matriculados-turma&secret_key=***REMOVED***&turma_id=4202
    body:
      encoding: US-ASCII
      string: ''
    headers:
      Accept:
      - "*/*; q=0.5, application/xml"
      Accept-Encoding:
      - gzip, deflate
      User-Agent:
      - Ruby
  response:
    status:
      code: 200
      message: OK
    headers:
      Date:
      - Fri, 19 Feb 2016 14:10:36 GMT
      Server:
      - Apache
      Set-Cookie:
      - PHPSESSID=aqd92514a7iklondkdju54l4r4; expires=Sat, 20-Feb-2016 14:10:36 GMT;
        path=/
      Expires:
      - Thu, 19 Nov 1981 08:52:00 GMT
      Cache-Control:
      - no-store, no-cache, must-revalidate, post-check=0, pre-check=0
      Pragma:
      - no-cache
      Content-Length:
      - '1014'
      Content-Type:
      - application/json; charset=UTF-8
    body:
      encoding: UTF-8
      string: '{"alunos":[{"id":"22362","dependencia":false,"sequencia":"0"},{"id":"25075","dependencia":false,"sequencia":"0"},{"id":"11467","dependencia":false,"sequencia":"0"},{"id":"25206","dependencia":false,"sequencia":"0"},{"id":"25085","dependencia":false,"sequencia":"0"},{"id":"25077","dependencia":false,"sequencia":"0"},{"id":"25083","dependencia":false,"sequencia":"0"},{"id":"21091","dependencia":false,"sequencia":"0"},{"id":"25016","dependencia":false,"sequencia":"0"},{"id":"11706","dependencia":false,"sequencia":"0"},{"id":"25055","dependencia":false,"sequencia":"0"},{"id":"28182","dependencia":false,"sequencia":"0"},{"id":"25088","dependencia":false,"sequencia":"0"},{"id":"25186","dependencia":false,"sequencia":"0"},{"id":"24849","dependencia":false,"sequencia":"0"},{"id":"25210","dependencia":false,"sequencia":"0"},{"id":"24956","dependencia":false,"sequencia":"0"},{"id":"24963","dependencia":false,"sequencia":"0"}],"oper":"get","resource":"alunos-matriculados-turma","msgs":[],"any_error_msg":false}'
    http_version: 
  recorded_at: Fri, 19 Feb 2016 14:10:36 GMT
- request:
    method: get
    uri: http://test.ieducar.com.br/module/Api/Turma?access_key=***REMOVED***&data_matricula=2016-03-07&disciplina_id=3192&instituicao_id=1&oper=get&resource=alunos-matriculados-turma&secret_key=***REMOVED***&turma_id=4202
    body:
      encoding: US-ASCII
      string: ''
    headers:
      Accept:
      - "*/*; q=0.5, application/xml"
      Accept-Encoding:
      - gzip, deflate
      User-Agent:
      - Ruby
  response:
    status:
      code: 200
      message: OK
    headers:
      Date:
      - Mon, 07 Mar 2016 13:24:48 GMT
      Server:
      - Apache
      Set-Cookie:
      - PHPSESSID=5v44car68i78tee374usikdit6; expires=Tue, 08-Mar-2016 13:24:48 GMT;
        path=/
      Expires:
      - Thu, 19 Nov 1981 08:52:00 GMT
      Cache-Control:
      - no-store, no-cache, must-revalidate, post-check=0, pre-check=0
      Pragma:
      - no-cache
      Content-Length:
      - '1014'
      Content-Type:
      - application/json; charset=UTF-8
    body:
      encoding: UTF-8
      string: '{"alunos":[{"id":"22362","dependencia":false,"sequencia":"0"},{"id":"25075","dependencia":false,"sequencia":"0"},{"id":"11467","dependencia":false,"sequencia":"0"},{"id":"25206","dependencia":false,"sequencia":"0"},{"id":"25085","dependencia":false,"sequencia":"0"},{"id":"25077","dependencia":false,"sequencia":"0"},{"id":"25083","dependencia":false,"sequencia":"0"},{"id":"21091","dependencia":false,"sequencia":"0"},{"id":"25016","dependencia":false,"sequencia":"0"},{"id":"11706","dependencia":false,"sequencia":"0"},{"id":"25055","dependencia":false,"sequencia":"0"},{"id":"28182","dependencia":false,"sequencia":"0"},{"id":"25088","dependencia":false,"sequencia":"0"},{"id":"25186","dependencia":false,"sequencia":"0"},{"id":"24849","dependencia":false,"sequencia":"0"},{"id":"25210","dependencia":false,"sequencia":"0"},{"id":"24956","dependencia":false,"sequencia":"0"},{"id":"24963","dependencia":false,"sequencia":"0"}],"oper":"get","resource":"alunos-matriculados-turma","msgs":[],"any_error_msg":false}'
    http_version: 
  recorded_at: Mon, 07 Mar 2016 13:24:48 GMT
recorded_with: VCR 3.0.0
